INS_task.c:93:16:mpu_write_byte	24	static
INS_task.c:111:16:mpu_read_byte	24	static
INS_task.c:129:16:mpu_read_bytes	32	static
INS_task.c:149:13:ist_reg_write_by_mpu	16	static
INS_task.c:170:16:ist_reg_read_by_mpu	24	static
INS_task.c:190:13:mpu_master_i2c_auto_read_config	16	static
INS_task.c:230:16:ist8310_init	8	static
INS_task.c:307:16:ist8310_get_data	16	static
INS_task.c:319:13:mpu_get_data	8	static
INS_task.c:363:16:mpu_set_gyro_fsr	16	static
INS_task.c:375:16:mpu_set_accel_fsr	16	static
INS_task.c:388:16:mpu_device_init	32	static
INS_task.c:422:13:mpu_offset_call	16	static
INS_task.c:455:13:init_quaternion	48	static
INS_task.c:616:13:imu_ahrs_update	128	static
INS_task.c:719:13:imu_attitude_update	16	static
INS_task.c:740:6:INS_task	16	static
INS_task.c:775:18:get_INS_angle_point	4	static
INS_task.c:785:18:get_gyro_data_point	4	static
