stm32f4xx_it.c:84:6:NMI_Handler	4	static
stm32f4xx_it.c:99:6:HardFault_Handler	4	static
stm32f4xx_it.c:114:6:MemManage_Handler	4	static
stm32f4xx_it.c:129:6:BusFault_Handler	4	static
stm32f4xx_it.c:144:6:UsageFault_Handler	4	static
stm32f4xx_it.c:159:6:DebugMon_Handler	4	static
stm32f4xx_it.c:179:6:DMA1_Stream0_IRQHandler	8	static
stm32f4xx_it.c:193:6:DMA1_Stream3_IRQHandler	8	static
stm32f4xx_it.c:207:6:DMA1_Stream6_IRQHandler	8	static
stm32f4xx_it.c:221:6:CAN1_TX_IRQHandler	8	static
stm32f4xx_it.c:235:6:CAN1_RX0_IRQHandler	8	static
stm32f4xx_it.c:249:6:TIM3_IRQHandler	8	static
stm32f4xx_it.c:263:6:USART3_IRQHandler	8	static
stm32f4xx_it.c:277:6:DMA2_Stream1_IRQHandler	8	static
stm32f4xx_it.c:291:6:DMA2_Stream2_IRQHandler	8	static
stm32f4xx_it.c:305:6:CAN2_TX_IRQHandler	8	static
stm32f4xx_it.c:319:6:CAN2_RX0_IRQHandler	8	static
stm32f4xx_it.c:333:6:OTG_FS_IRQHandler	8	static
stm32f4xx_it.c:347:6:DMA2_Stream6_IRQHandler	8	static
stm32f4xx_it.c:361:6:USART6_IRQHandler	24	static
stm32f4xx_it.c:386:6:UART8_IRQHandler	8	static
